[{"stream_name":"stderr","time":6.204024016,"data":"0.00s - Debugger warning: It seems that frozen modules are being used, which may\n"}
,{"stream_name":"stderr","time":6.20408978,"data":"0.00s - make the debugger miss breakpoints. Please pass -Xfrozen_modules=off\n"}
,{"stream_name":"stderr","time":6.204094248,"data":"0.00s - to python to disable frozen modules.\n"}
,{"stream_name":"stderr","time":6.204096733,"data":"0.00s - Note: Debugging will proceed. Set PYDEVD_DISABLE_FILE_VALIDATION=1 to disable this validation.\n"}
,{"stream_name":"stderr","time":6.775322927,"data":"0.00s - Debugger warning: It seems that frozen modules are being used, which may\n"}
,{"stream_name":"stderr","time":6.775354991,"data":"0.00s - make the debugger miss breakpoints. Please pass -Xfrozen_modules=off\n"}
,{"stream_name":"stderr","time":6.775359625,"data":"0.00s - to python to disable frozen modules.\n"}
,{"stream_name":"stderr","time":6.7753650180000005,"data":"0.00s - Note: Debugging will proceed. Set PYDEVD_DISABLE_FILE_VALIDATION=1 to disable this validation.\n"}
,{"stream_name":"stdout","time":16.583331284,"data":"torch 2.10.0+cu128 | GPU: Tesla P100-PCIE-16GB\n"}
,{"stream_name":"stdout","time":16.583383744,"data":"entradas montadas: ['datasets']\n"}
,{"stream_name":"stderr","time":16.584577143,"data":"/usr/local/lib/python3.12/dist-packages/torch/cuda/__init__.py:435: UserWarning: \n"}
,{"stream_name":"stderr","time":16.584597047,"data":"    Found GPU0 Tesla P100-PCIE-16GB which is of cuda capability 6.0.\n"}
,{"stream_name":"stderr","time":16.584602069,"data":"    Minimum and Maximum cuda capability supported by this version of PyTorch is\n"}
,{"stream_name":"stderr","time":16.584606186,"data":"    (7.0) - (12.0)\n"}
,{"stream_name":"stderr","time":16.584609828,"data":"    \n"}
,{"stream_name":"stderr","time":16.584613051,"data":"  queued_call()\n"}
,{"stream_name":"stderr","time":16.584616544,"data":"/usr/local/lib/python3.12/dist-packages/torch/cuda/__init__.py:435: UserWarning: \n"}
,{"stream_name":"stderr","time":16.584620098,"data":"    Please install PyTorch with a following CUDA\n"}
,{"stream_name":"stderr","time":16.584623608,"data":"    configurations:  12.6 following instructions at\n"}
,{"stream_name":"stderr","time":16.584627101,"data":"    https://pytorch.org/get-started/locally/\n"}
,{"stream_name":"stderr","time":16.584630794,"data":"    \n"}
,{"stream_name":"stderr","time":16.584634331,"data":"  queued_call()\n"}
,{"stream_name":"stderr","time":16.584637657000002,"data":"/usr/local/lib/python3.12/dist-packages/torch/cuda/__init__.py:435: UserWarning: \n"}
,{"stream_name":"stderr","time":16.584641558,"data":"Tesla P100-PCIE-16GB with CUDA capability sm_60 is not compatible with the current PyTorch installation.\n"}
,{"stream_name":"stderr","time":16.584646038,"data":"The current PyTorch install supports CUDA capabilities sm_70 sm_75 sm_80 sm_86 sm_90 sm_100 sm_120.\n"}
,{"stream_name":"stderr","time":16.584649701,"data":"If you want to use the Tesla P100-PCIE-16GB GPU with PyTorch, please check the instructions at https://pytorch.org/get-started/locally/\n"}
,{"stream_name":"stderr","time":16.584653533,"data":"\n"}
,{"stream_name":"stderr","time":16.584657,"data":"  queued_call()\n"}
,{"stream_name":"stderr","time":16.584660358,"data":"\n"}
,{"stream_name":"stderr","time":16.584663461,"data":"/usr/local/lib/python3.12/dist-packages/torch/cuda/__init__.py:435: UserWarning: \n"}
,{"stream_name":"stderr","time":16.584666821,"data":"    Found GPU0 Tesla P100-PCIE-16GB which is of cuda capability 6.0.\n"}
,{"stream_name":"stderr","time":16.584670298,"data":"    Minimum and Maximum cuda capability supported by this version of PyTorch is\n"}
,{"stream_name":"stderr","time":16.584685825,"data":"    (7.0) - (12.0)\n"}
,{"stream_name":"stderr","time":16.584689698,"data":"    \n"}
,{"stream_name":"stderr","time":16.584693547,"data":"  queued_call()\n"}
,{"stream_name":"stderr","time":16.584696981,"data":"/usr/local/lib/python3.12/dist-packages/torch/cuda/__init__.py:435: UserWarning: \n"}
,{"stream_name":"stderr","time":16.584701018,"data":"    Please install PyTorch with a following CUDA\n"}
,{"stream_name":"stderr","time":16.584704652,"data":"    configurations:  12.6 following instructions at\n"}
,{"stream_name":"stderr","time":16.584708289,"data":"    https://pytorch.org/get-started/locally/\n"}
,{"stream_name":"stderr","time":16.584711738,"data":"    \n"}
,{"stream_name":"stderr","time":16.584715026,"data":"  queued_call()\n"}
,{"stream_name":"stderr","time":16.584718121,"data":"/usr/local/lib/python3.12/dist-packages/torch/cuda/__init__.py:435: UserWarning: \n"}
,{"stream_name":"stderr","time":16.584721798,"data":"Tesla P100-PCIE-16GB with CUDA capability sm_60 is not compatible with the current PyTorch installation.\n"}
,{"stream_name":"stderr","time":16.58472553,"data":"The current PyTorch install supports CUDA capabilities sm_70 sm_75 sm_80 sm_86 sm_90 sm_100 sm_120.\n"}
,{"stream_name":"stderr","time":16.584729585,"data":"If you want to use the Tesla P100-PCIE-16GB GPU with PyTorch, please check the instructions at https://pytorch.org/get-started/locally/\n"}
,{"stream_name":"stderr","time":16.584733364,"data":"\n"}
,{"stream_name":"stderr","time":16.58473663,"data":"  queued_call()\n"}
,{"stream_name":"stdout","time":19.158439153,"data":"Traceback (most recent call last):\r\n"}
,{"stream_name":"stdout","time":19.158470996,"data":"  File \"\u003cfrozen runpy\u003e\", line 198, in _run_module_as_main\r\n"}
,{"stream_name":"stdout","time":19.158476971,"data":"  File \"\u003cfrozen runpy\u003e\", line 88, in _run_code\r\n"}
,{"stream_name":"stdout","time":19.15848244,"data":"  File \"/tmp/repo/src/prepare_data.py\", line 64, in \u003cmodule\u003e\r\n"}
,{"stream_name":"stdout","time":19.158487622,"data":"    main()\r\n"}
,{"stream_name":"stdout","time":19.158492076,"data":"  File \"/tmp/repo/src/prepare_data.py\", line 50, in main\r\n"}
,{"stream_name":"stdout","time":19.158496799,"data":"    df = builder(args.root, **kwargs)\r\n"}
,{"stream_name":"stdout","time":19.158501426,"data":"         ^^^^^^^^^^^^^^^^^^^^^^^^^^^^\r\n"}
,{"stream_name":"stdout","time":19.158505845,"data":"  File \"/tmp/repo/src/data.py\", line 149, in build_manifest_nih\r\n"}
,{"stream_name":"stdout","time":19.158510342,"data":"    raise FileNotFoundError(f\"No encuentro Data_Entry_2017.csv bajo {root}\")\r\n"}
,{"stream_name":"stdout","time":19.158515328,"data":"FileNotFoundError: No encuentro Data_Entry_2017.csv bajo /kaggle/input/data\r\n"}
,{"stream_name":"stderr","time":22.022364097,"data":"Traceback (most recent call last):\n"}
,{"stream_name":"stderr","time":22.022395129,"data":"  File \"\u003cstring\u003e\", line 1, in \u003cmodule\u003e\n"}
,{"stream_name":"stderr","time":22.022400814,"data":"  File \"/usr/local/lib/python3.12/dist-packages/papermill/execute.py\", line 131, in execute_notebook\n"}
,{"stream_name":"stderr","time":22.022543859,"data":"    raise_for_execution_errors(nb, output_path)\n"}
,{"stream_name":"stderr","time":22.022567107,"data":"  File \"/usr/local/lib/python3.12/dist-packages/papermill/execute.py\", line 251, in raise_for_execution_errors\n"}
,{"stream_name":"stderr","time":22.022691871,"data":"    raise error\n"}
,{"stream_name":"stderr","time":22.022971328,"data":"papermill.exceptions.PapermillExecutionError: \n"}
,{"stream_name":"stderr","time":22.022997149,"data":"---------------------------------------------------------------------------\n"}
,{"stream_name":"stderr","time":22.023003349,"data":"Exception encountered at \"In [3]\":\n"}
,{"stream_name":"stderr","time":22.023007164,"data":"---------------------------------------------------------------------------\n"}
,{"stream_name":"stderr","time":22.023011586,"data":"FileNotFoundError                         Traceback (most recent call last)\n"}
,{"stream_name":"stderr","time":22.023015405,"data":"/tmp/ipykernel_23/2987223837.py in \u003ccell line: 0\u003e()\n"}
,{"stream_name":"stderr","time":22.023019649,"data":"      2 from src.data import split_summary\n"}
,{"stream_name":"stderr","time":22.023023015,"data":"      3 \n"}
,{"stream_name":"stderr","time":22.023026427,"data":"----\u003e 4 df = pd.read_csv(f'{OUT}/manifest_nih.csv')\n"}
,{"stream_name":"stderr","time":22.023029807,"data":"      5 print(split_summary(df).to_string())\n"}
,{"stream_name":"stderr","time":22.02303367,"data":"      6 print('\\nImagenes por paciente: media %.2f, maximo %d'\n"}
,{"stream_name":"stderr","time":22.023037049,"data":"\n"}
,{"stream_name":"stderr","time":22.023041724,"data":"/usr/local/lib/python3.12/dist-packages/pandas/io/parsers/readers.py in read_csv(filepath_or_buffer, sep, delimiter, header, names, index_col, usecols, dtype, engine, converters, true_values, false_values, skipinitialspace, skiprows, skipfooter, nrows, na_values, keep_default_na, na_filter, verbose, skip_blank_lines, parse_dates, infer_datetime_format, keep_date_col, date_parser, date_format, dayfirst, cache_dates, iterator, chunksize, compression, thousands, decimal, lineterminator, quotechar, quoting, doublequote, escapechar, comment, encoding, encoding_errors, dialect, on_bad_lines, delim_whitespace, low_memory, memory_map, float_precision, storage_options, dtype_backend)\n"}
,{"stream_name":"stderr","time":22.023048528,"data":"   1024     kwds.update(kwds_defaults)\n"}
,{"stream_name":"stderr","time":22.023052241,"data":"   1025 \n"}
,{"stream_name":"stderr","time":22.023055555,"data":"-\u003e 1026     return _read(filepath_or_buffer, kwds)\n"}
,{"stream_name":"stderr","time":22.023059127,"data":"   1027 \n"}
,{"stream_name":"stderr","time":22.023062683,"data":"   1028 \n"}
,{"stream_name":"stderr","time":22.023065735,"data":"\n"}
,{"stream_name":"stderr","time":22.023068951,"data":"/usr/local/lib/python3.12/dist-packages/pandas/io/parsers/readers.py in _read(filepath_or_buffer, kwds)\n"}
,{"stream_name":"stderr","time":22.023072615,"data":"    618 \n"}
,{"stream_name":"stderr","time":22.023075959,"data":"    619     # Create the parser.\n"}
,{"stream_name":"stderr","time":22.023079621,"data":"--\u003e 620     parser = TextFileReader(filepath_or_buffer, **kwds)\n"}
,{"stream_name":"stderr","time":22.023083149,"data":"    621 \n"}
,{"stream_name":"stderr","time":22.023086668,"data":"    622     if chunksize or iterator:\n"}
,{"stream_name":"stderr","time":22.023090183,"data":"\n"}
,{"stream_name":"stderr","time":22.023093482,"data":"/usr/local/lib/python3.12/dist-packages/pandas/io/parsers/readers.py in __init__(self, f, engine, **kwds)\n"}
,{"stream_name":"stderr","time":22.023097171,"data":"   1618 \n"}
,{"stream_name":"stderr","time":22.02310063,"data":"   1619         self.handles: IOHandles | None = None\n"}
,{"stream_name":"stderr","time":22.023104173,"data":"-\u003e 1620         self._engine = self._make_engine(f, self.engine)\n"}
,{"stream_name":"stderr","time":22.023107997,"data":"   1621 \n"}
,{"stream_name":"stderr","time":22.023111715,"data":"   1622     def close(self) -\u003e None:\n"}
,{"stream_name":"stderr","time":22.023115555,"data":"\n"}
,{"stream_name":"stderr","time":22.023123941,"data":"/usr/local/lib/python3.12/dist-packages/pandas/io/parsers/readers.py in _make_engine(self, f, engine)\n"}
,{"stream_name":"stderr","time":22.023129021,"data":"   1878                 if \"b\" not in mode:\n"}
,{"stream_name":"stderr","time":22.023132617,"data":"   1879                     mode += \"b\"\n"}
,{"stream_name":"stderr","time":22.023136421,"data":"-\u003e 1880             self.handles = get_handle(\n"}
,{"stream_name":"stderr","time":22.023140331,"data":"   1881                 f,\n"}
,{"stream_name":"stderr","time":22.023143894,"data":"   1882                 mode,\n"}
,{"stream_name":"stderr","time":22.023147538,"data":"\n"}
,{"stream_name":"stderr","time":22.023151622,"data":"/usr/local/lib/python3.12/dist-packages/pandas/io/common.py in get_handle(path_or_buf, mode, encoding, compression, memory_map, is_text, errors, storage_options)\n"}
,{"stream_name":"stderr","time":22.023163239,"data":"    871         if ioargs.encoding and \"b\" not in ioargs.mode:\n"}
,{"stream_name":"stderr","time":22.02316727,"data":"    872             # Encoding\n"}
,{"stream_name":"stderr","time":22.023171192,"data":"--\u003e 873             handle = open(\n"}
,{"stream_name":"stderr","time":22.023175268,"data":"    874                 handle,\n"}
,{"stream_name":"stderr","time":22.023179162,"data":"    875                 ioargs.mode,\n"}
,{"stream_name":"stderr","time":22.023183073,"data":"\n"}
,{"stream_name":"stderr","time":22.023186931,"data":"FileNotFoundError: [Errno 2] No such file or directory: '/kaggle/working/manifest_nih.csv'\n"}
,{"stream_name":"stderr","time":22.023190952,"data":"\n"}
,{"stream_name":"stderr","time":24.09917716,"data":"/usr/local/lib/python3.12/dist-packages/mistune.py:435: SyntaxWarning: invalid escape sequence '\\|'\n"}
,{"stream_name":"stderr","time":24.09922231,"data":"  cells[i][c] = re.sub('\\\\\\\\\\|', '|', cell)\n"}
,{"stream_name":"stderr","time":24.24325407,"data":"/usr/local/lib/python3.12/dist-packages/nbconvert/filters/filter_links.py:36: SyntaxWarning: invalid escape sequence '\\_'\n"}
,{"stream_name":"stderr","time":24.243278088,"data":"  text = re.sub(r'_', '\\_', text) # Escape underscores in display text\n"}
,{"stream_name":"stderr","time":24.807880202,"data":"[NbConvertApp] Converting notebook __notebook__.ipynb to notebook\n"}
,{"stream_name":"stderr","time":25.103095894,"data":"[NbConvertApp] Writing 24319 bytes to __notebook__.ipynb\n"}
,{"stream_name":"stderr","time":27.392834243,"data":"[NbConvertApp] Converting notebook __notebook__.ipynb to html\n"}
,{"stream_name":"stderr","time":28.187815999,"data":"[NbConvertApp] Writing 321038 bytes to __results__.html\n"}
]